<?xml version="1.0" encoding="utf-8"?>
<TestRun id="61c6017c-0277-4f5e-bcc7-cf78e73466c9" name="@Uttams-MacBook-Pro 2019-03-08 14:48:46" xmlns="http://microsoft.com/schemas/VisualStudio/TeamTest/2010">
  <Times creation="2019-03-08T14:48:46.9887080+05:30" queuing="2019-03-08T14:48:46.9887080+05:30" start="2019-03-08T14:48:43.1419450+05:30" finish="2019-03-08T14:49:14.9528520+05:30" />
  <TestSettings name="default" id="11530377-6d08-4d08-ac4a-558795f3793f">
    <Deployment runDeploymentRoot="_Uttams-MacBook-Pro_2019-03-08_14_48_46" />
  </TestSettings>
  <Results>
    <UnitTestResult executionId="d4119bc2-756b-42f7-a894-3ab0a6698b55" testId="07500788-7f13-7486-a250-54dd78e53b39" testName="Contentstack.Core.Tests.QueryTest.ContainedInForText" computerName="Uttams-MacBook-Pro" duration="00:00:00.4660000" startTime="2019-03-08T14:48:56.5989470+05:30" endTime="2019-03-08T14:48:56.5989510+05:30" testType="13cdc9d9-ddb5-4fa4-a97d-d965ccfc6d4b" outcome="Passed" testListId="8c84fa94-04c1-424b-9868-57a2d4851a1d" relativeResultsDirectory="d4119bc2-756b-42f7-a894-3ab0a6698b55" />
    <UnitTestResult executionId="d6a3256e-4ff5-461e-9d13-47ad16a17294" testId="86046bd7-d278-5b21-2294-5c99285773c5" testName="Contentstack.Core.Tests.QueryTest.WhereForNumber" computerName="Uttams-MacBook-Pro" duration="00:00:00.9220000" startTime="2019-03-08T14:49:14.8536250+05:30" endTime="2019-03-08T14:49:14.8536310+05:30" testType="13cdc9d9-ddb5-4fa4-a97d-d965ccfc6d4b" outcome="Passed" testListId="8c84fa94-04c1-424b-9868-57a2d4851a1d" relativeResultsDirectory="d6a3256e-4ff5-461e-9d13-47ad16a17294" />
    <UnitTestResult executionId="4b3e35f7-6411-4975-ae49-ec471c2f16a1" testId="2e1fa1f3-77c2-babe-1950-7a5ca9e86984" testName="Contentstack.Core.Tests.EntryTest.Except" computerName="Uttams-MacBook-Pro" duration="00:00:00.7530000" startTime="2019-03-08T14:48:45.5554340+05:30" endTime="2019-03-08T14:48:45.5554360+05:30" testType="13cdc9d9-ddb5-4fa4-a97d-d965ccfc6d4b" outcome="Passed" testListId="8c84fa94-04c1-424b-9868-57a2d4851a1d" relativeResultsDirectory="4b3e35f7-6411-4975-ae49-ec471c2f16a1" />
    <UnitTestResult executionId="81364426-4bf6-4315-b351-2f9e17133eb7" testId="fc212178-b810-9020-5805-1fcb8eeade53" testName="Contentstack.Core.Tests.QueryTest.GreaterThanOrEqualToForDate" computerName="Uttams-MacBook-Pro" duration="00:00:00.5190000" startTime="2019-03-08T14:48:53.9216440+05:30" endTime="2019-03-08T14:48:53.9216470+05:30" testType="13cdc9d9-ddb5-4fa4-a97d-d965ccfc6d4b" outcome="Passed" testListId="8c84fa94-04c1-424b-9868-57a2d4851a1d" relativeResultsDirectory="81364426-4bf6-4315-b351-2f9e17133eb7" />
    <UnitTestResult executionId="c6f1a9b8-bb05-4b53-bf86-458ffb99e1a5" testId="64129474-f975-cc72-daa3-69acd22c3d3e" testName="Contentstack.Core.Tests.QueryTest.LessThanOrEqualToForDate" computerName="Uttams-MacBook-Pro" duration="00:00:00.9000000" startTime="2019-03-08T14:49:00.2384830+05:30" endTime="2019-03-08T14:49:00.2384870+05:30" testType="13cdc9d9-ddb5-4fa4-a97d-d965ccfc6d4b" outcome="Passed" testListId="8c84fa94-04c1-424b-9868-57a2d4851a1d" relativeResultsDirectory="c6f1a9b8-bb05-4b53-bf86-458ffb99e1a5" />
    <UnitTestResult executionId="9de50a21-edb3-4017-bc55-f24aae54a5c3" testId="90490095-97db-be57-861a-57ae194d5ac5" testName="Contentstack.Core.Tests.QueryTest.And" computerName="Uttams-MacBook-Pro" duration="00:00:00.4380000" startTime="2019-03-08T14:48:51.9519860+05:30" endTime="2019-03-08T14:48:51.9519890+05:30" testType="13cdc9d9-ddb5-4fa4-a97d-d965ccfc6d4b" outcome="Passed" testListId="8c84fa94-04c1-424b-9868-57a2d4851a1d" relativeResultsDirectory="9de50a21-edb3-4017-bc55-f24aae54a5c3" />
    <UnitTestResult executionId="41629e36-5d75-410d-ba35-bea424c08429" testId="cd609450-698f-8514-1c04-ca56c6db72a5" testName="Contentstack.Core.Tests.QueryTest.NotContainedInForDate" computerName="Uttams-MacBook-Pro" duration="00:00:00.8050000" startTime="2019-03-08T14:49:06.7668810+05:30" endTime="2019-03-08T14:49:06.7668850+05:30" testType="13cdc9d9-ddb5-4fa4-a97d-d965ccfc6d4b" outcome="Passed" testListId="8c84fa94-04c1-424b-9868-57a2d4851a1d" relativeResultsDirectory="41629e36-5d75-410d-ba35-bea424c08429" />
    <UnitTestResult executionId="8ef716ab-0531-4492-8a66-26f0c8a5e8e4" testId="34a4049c-242b-16ed-60a0-f1b6b75ec4bc" testName="Contentstack.Core.Tests.QueryTest.NotContainedInForNumber" computerName="Uttams-MacBook-Pro" duration="00:00:00.4270000" startTime="2019-03-08T14:48:52.3787120+05:30" endTime="2019-03-08T14:48:52.3787170+05:30" testType="13cdc9d9-ddb5-4fa4-a97d-d965ccfc6d4b" outcome="Passed" testListId="8c84fa94-04c1-424b-9868-57a2d4851a1d" relativeResultsDirectory="8ef716ab-0531-4492-8a66-26f0c8a5e8e4" />
    <UnitTestResult executionId="8007fb41-3fef-4c07-99dd-e51ede2ae3a6" testId="cf2ff285-6e4e-7cbc-4e54-40e0d6d4ff8e" testName="Contentstack.Core.Tests.EntryTest.IncludeReference" computerName="Uttams-MacBook-Pro" duration="00:00:00.4700000" startTime="2019-03-08T14:48:46.0132190+05:30" endTime="2019-03-08T14:48:46.0132240+05:30" testType="13cdc9d9-ddb5-4fa4-a97d-d965ccfc6d4b" outcome="Passed" testListId="8c84fa94-04c1-424b-9868-57a2d4851a1d" relativeResultsDirectory="8007fb41-3fef-4c07-99dd-e51ede2ae3a6" />
    <UnitTestResult executionId="ffe1f057-c1ac-463f-9fb1-f789832dadff" testId="97cb88f6-e8f8-e14b-bbf0-a00daf128c73" testName="Contentstack.Core.Tests.QueryTest.NotEqualToForText" computerName="Uttams-MacBook-Pro" duration="00:00:00.4290000" startTime="2019-03-08T14:48:50.2284620+05:30" endTime="2019-03-08T14:48:50.2284650+05:30" testType="13cdc9d9-ddb5-4fa4-a97d-d965ccfc6d4b" outcome="Passed" testListId="8c84fa94-04c1-424b-9868-57a2d4851a1d" relativeResultsDirectory="ffe1f057-c1ac-463f-9fb1-f789832dadff" />
    <UnitTestResult executionId="c9aa24c1-3240-41e8-9b3b-1b336967ef67" testId="73e47a80-e4aa-bfcd-ca84-2f13456a8bfa" testName="Contentstack.Core.Tests.QueryTest.Regex" computerName="Uttams-MacBook-Pro" duration="00:00:00.4990000" startTime="2019-03-08T14:48:53.4021870+05:30" endTime="2019-03-08T14:48:53.4021900+05:30" testType="13cdc9d9-ddb5-4fa4-a97d-d965ccfc6d4b" outcome="Passed" testListId="8c84fa94-04c1-424b-9868-57a2d4851a1d" relativeResultsDirectory="c9aa24c1-3240-41e8-9b3b-1b336967ef67" />
    <UnitTestResult executionId="e725e8d7-e893-453c-aabc-75e767edae45" testId="3f20e76d-31f1-b4c0-b5e0-4f7a53e4e2d2" testName="Contentstack.Core.Tests.QueryTest.ContainedInForModularBlock" computerName="Uttams-MacBook-Pro" duration="00:00:00.5230000" startTime="2019-03-08T14:48:52.9025130+05:30" endTime="2019-03-08T14:48:52.9025180+05:30" testType="13cdc9d9-ddb5-4fa4-a97d-d965ccfc6d4b" outcome="Passed" testListId="8c84fa94-04c1-424b-9868-57a2d4851a1d" relativeResultsDirectory="e725e8d7-e893-453c-aabc-75e767edae45" />
    <UnitTestResult executionId="6dc1b5c2-7f6c-45c5-850a-8ad0c5d6d100" testId="11129ad6-9b0d-93e2-3add-615f5611d49d" testName="Contentstack.Core.Tests.QueryTest.WhereForText" computerName="Uttams-MacBook-Pro" duration="00:00:00.4410000" startTime="2019-03-08T14:48:48.7594480+05:30" endTime="2019-03-08T14:48:48.7594510+05:30" testType="13cdc9d9-ddb5-4fa4-a97d-d965ccfc6d4b" outcome="Passed" testListId="8c84fa94-04c1-424b-9868-57a2d4851a1d" relativeResultsDirectory="6dc1b5c2-7f6c-45c5-850a-8ad0c5d6d100" />
    <UnitTestResult executionId="c184e69f-55df-491f-9c66-b7c0bfe6a1cc" testId="ceef3ff0-1c4b-674f-6182-12abfba0adf1" testName="Contentstack.Core.Tests.QueryTest.Or" computerName="Uttams-MacBook-Pro" duration="00:00:00.8680000" startTime="2019-03-08T14:49:02.7236230+05:30" endTime="2019-03-08T14:49:02.7236260+05:30" testType="13cdc9d9-ddb5-4fa4-a97d-d965ccfc6d4b" outcome="Passed" testListId="8c84fa94-04c1-424b-9868-57a2d4851a1d" relativeResultsDirectory="c184e69f-55df-491f-9c66-b7c0bfe6a1cc" />
    <UnitTestResult executionId="82923b25-ca92-4abd-8e2b-a16033689a41" testId="c2d85906-5343-c1eb-1c6e-18c6b50b567f" testName="Contentstack.Core.Tests.QueryTest.FindOne" computerName="Uttams-MacBook-Pro" duration="00:00:00.4750000" startTime="2019-03-08T14:48:47.4489290+05:30" endTime="2019-03-08T14:48:47.4489330+05:30" testType="13cdc9d9-ddb5-4fa4-a97d-d965ccfc6d4b" outcome="Passed" testListId="8c84fa94-04c1-424b-9868-57a2d4851a1d" relativeResultsDirectory="82923b25-ca92-4abd-8e2b-a16033689a41" />
    <UnitTestResult executionId="c8c41784-4503-46e7-9116-a33c5d982a48" testId="1b457c0f-0f43-14cc-162e-4d11ea194fd2" testName="Contentstack.Core.Tests.QueryTest.Ascending" computerName="Uttams-MacBook-Pro" duration="00:00:00.9470000" startTime="2019-03-08T14:49:12.0940490+05:30" endTime="2019-03-08T14:49:12.0940680+05:30" testType="13cdc9d9-ddb5-4fa4-a97d-d965ccfc6d4b" outcome="Passed" testListId="8c84fa94-04c1-424b-9868-57a2d4851a1d" relativeResultsDirectory="c8c41784-4503-46e7-9116-a33c5d982a48" />
    <UnitTestResult executionId="ca80c1b9-af77-44d8-808a-da45538214fc" testId="dbc0fafc-e070-7ee4-37e8-15c731a1cf8f" testName="Contentstack.Core.Tests.QueryTest.LessThanForNumber" computerName="Uttams-MacBook-Pro" duration="00:00:00.6780000" startTime="2019-03-08T14:49:00.9167320+05:30" endTime="2019-03-08T14:49:00.9167360+05:30" testType="13cdc9d9-ddb5-4fa4-a97d-d965ccfc6d4b" outcome="Passed" testListId="8c84fa94-04c1-424b-9868-57a2d4851a1d" relativeResultsDirectory="ca80c1b9-af77-44d8-808a-da45538214fc" />
    <UnitTestResult executionId="94ec3122-e1b8-459e-b618-ebc7684331fe" testId="e8cd5f9a-155f-b0e9-415a-4d5bcc09a4f7" testName="Contentstack.Core.Tests.QueryTest.NotExists" computerName="Uttams-MacBook-Pro" duration="00:00:00.4330000" startTime="2019-03-08T14:48:57.0319390+05:30" endTime="2019-03-08T14:48:57.0319420+05:30" testType="13cdc9d9-ddb5-4fa4-a97d-d965ccfc6d4b" outcome="Passed" testListId="8c84fa94-04c1-424b-9868-57a2d4851a1d" relativeResultsDirectory="94ec3122-e1b8-459e-b618-ebc7684331fe" />
    <UnitTestResult executionId="a041cc9a-d6c3-42d1-93e7-9355cd0f1ffd" testId="71761fdf-685c-1148-4d7b-6fa91bd73828" testName="Contentstack.Core.Tests.LocalTest.FetchQueryForEntry" computerName="Uttams-MacBook-Pro" duration="00:00:00.7400000" startTime="2019-03-08T14:48:45.5553000+05:30" endTime="2019-03-08T14:48:45.5553030+05:30" testType="13cdc9d9-ddb5-4fa4-a97d-d965ccfc6d4b" outcome="Passed" testListId="8c84fa94-04c1-424b-9868-57a2d4851a1d" relativeResultsDirectory="a041cc9a-d6c3-42d1-93e7-9355cd0f1ffd" />
    <UnitTestResult executionId="0d55bace-72c2-4574-bccf-0c59ee21bef5" testId="340338c0-d2c4-3fc3-ba79-343b29ee2274" testName="Contentstack.Core.Tests.EntryTest.Only" computerName="Uttams-MacBook-Pro" duration="00:00:00.4650000" startTime="2019-03-08T14:48:50.8205840+05:30" endTime="2019-03-08T14:48:50.8205890+05:30" testType="13cdc9d9-ddb5-4fa4-a97d-d965ccfc6d4b" outcome="Passed" testListId="8c84fa94-04c1-424b-9868-57a2d4851a1d" relativeResultsDirectory="0d55bace-72c2-4574-bccf-0c59ee21bef5" />
    <UnitTestResult executionId="8f6e5600-0058-4b4f-a0c1-eabdcbc144ea" testId="18798cdb-d0bd-f7db-a73e-31f0998c3f71" testName="Contentstack.Core.Tests.QueryTest.Except" computerName="Uttams-MacBook-Pro" duration="00:00:00.9380000" startTime="2019-03-08T14:49:01.8549200+05:30" endTime="2019-03-08T14:49:01.8549330+05:30" testType="13cdc9d9-ddb5-4fa4-a97d-d965ccfc6d4b" outcome="Passed" testListId="8c84fa94-04c1-424b-9868-57a2d4851a1d" relativeResultsDirectory="8f6e5600-0058-4b4f-a0c1-eabdcbc144ea" />
    <UnitTestResult executionId="e69983cf-e7b7-4be0-ae42-6b4e72fa3c0d" testId="3280cae6-6e14-1cdd-b640-070cd5982804" testName="Contentstack.Core.Tests.QueryTest.LessThanOrEqualToForNumber" computerName="Uttams-MacBook-Pro" duration="00:00:00.9350000" startTime="2019-03-08T14:49:10.3481250+05:30" endTime="2019-03-08T14:49:10.3481300+05:30" testType="13cdc9d9-ddb5-4fa4-a97d-d965ccfc6d4b" outcome="Passed" testListId="8c84fa94-04c1-424b-9868-57a2d4851a1d" relativeResultsDirectory="e69983cf-e7b7-4be0-ae42-6b4e72fa3c0d" />
    <UnitTestResult executionId="f6041fd4-0f37-473a-9f9e-67e23a23beaf" testId="8b21d258-1fed-c529-a189-89c8507de3f6" testName="Contentstack.Core.Tests.QueryTest.ContainedInForGroup" computerName="Uttams-MacBook-Pro" duration="00:00:01.1220000" startTime="2019-03-08T14:49:13.9313720+05:30" endTime="2019-03-08T14:49:13.9313760+05:30" testType="13cdc9d9-ddb5-4fa4-a97d-d965ccfc6d4b" outcome="Passed" testListId="8c84fa94-04c1-424b-9868-57a2d4851a1d" relativeResultsDirectory="f6041fd4-0f37-473a-9f9e-67e23a23beaf" />
    <UnitTestResult executionId="82fdaaeb-e289-4daa-9563-472e782980e4" testId="4be3e53f-a355-de8d-85a5-966bca82aa5f" testName="Contentstack.Core.Tests.QueryTest.Skip" computerName="Uttams-MacBook-Pro" duration="00:00:00.7150000" startTime="2019-03-08T14:49:12.8086300+05:30" endTime="2019-03-08T14:49:12.8086330+05:30" testType="13cdc9d9-ddb5-4fa4-a97d-d965ccfc6d4b" outcome="Passed" testListId="8c84fa94-04c1-424b-9868-57a2d4851a1d" relativeResultsDirectory="82fdaaeb-e289-4daa-9563-472e782980e4" />
    <UnitTestResult executionId="de6aeab1-ecfc-4b63-be2d-1ebe8a2449ef" testId="ef162e19-e7b5-f439-839a-db6726f60237" testName="Contentstack.Core.Tests.QueryTest.FetchAll" computerName="Uttams-MacBook-Pro" duration="00:00:00.7970000" startTime="2019-03-08T14:49:11.1456100+05:30" endTime="2019-03-08T14:49:11.1456130+05:30" testType="13cdc9d9-ddb5-4fa4-a97d-d965ccfc6d4b" outcome="Passed" testListId="8c84fa94-04c1-424b-9868-57a2d4851a1d" relativeResultsDirectory="de6aeab1-ecfc-4b63-be2d-1ebe8a2449ef" />
    <UnitTestResult executionId="7a09f2f8-a65c-452f-95ec-a68dc825e3a8" testId="d2a7cfa7-41b7-0154-50d9-9f2092d78625" testName="Contentstack.Core.Tests.EntryTest.GetCreatedBy" computerName="Uttams-MacBook-Pro" duration="00:00:00.4150000" startTime="2019-03-08T14:48:51.2353840+05:30" endTime="2019-03-08T14:48:51.2353870+05:30" testType="13cdc9d9-ddb5-4fa4-a97d-d965ccfc6d4b" outcome="Passed" testListId="8c84fa94-04c1-424b-9868-57a2d4851a1d" relativeResultsDirectory="7a09f2f8-a65c-452f-95ec-a68dc825e3a8" />
    <UnitTestResult executionId="c757c073-15ca-4ebe-9f32-6866016ba4d0" testId="fb3daff4-be01-bf3b-f360-ce92e76d0ff3" testName="Contentstack.Core.Tests.QueryTest.ContainedInForNumber" computerName="Uttams-MacBook-Pro" duration="00:00:00.4290000" startTime="2019-03-08T14:48:51.5140720+05:30" endTime="2019-03-08T14:48:51.5140750+05:30" testType="13cdc9d9-ddb5-4fa4-a97d-d965ccfc6d4b" outcome="Passed" testListId="8c84fa94-04c1-424b-9868-57a2d4851a1d" relativeResultsDirectory="c757c073-15ca-4ebe-9f32-6866016ba4d0" />
    <UnitTestResult executionId="49ecaa67-9c74-44c5-ad1e-873399477754" testId="e6d009c1-a8d8-b3d3-fa6e-877aebdad885" testName="Contentstack.Core.Tests.QueryTest.Descending" computerName="Uttams-MacBook-Pro" duration="00:00:00.9250000" startTime="2019-03-08T14:49:07.6915900+05:30" endTime="2019-03-08T14:49:07.6915930+05:30" testType="13cdc9d9-ddb5-4fa4-a97d-d965ccfc6d4b" outcome="Passed" testListId="8c84fa94-04c1-424b-9868-57a2d4851a1d" relativeResultsDirectory="49ecaa67-9c74-44c5-ad1e-873399477754" />
    <UnitTestResult executionId="260b7f26-26d6-408b-b766-87713d6d1328" testId="76080a7f-464c-d525-993d-ce4cb403e712" testName="Contentstack.Core.Tests.EntryTest.GetUpdateAt" computerName="Uttams-MacBook-Pro" duration="00:00:00.5250000" startTime="2019-03-08T14:48:47.4495290+05:30" endTime="2019-03-08T14:48:47.4495310+05:30" testType="13cdc9d9-ddb5-4fa4-a97d-d965ccfc6d4b" outcome="Passed" testListId="8c84fa94-04c1-424b-9868-57a2d4851a1d" relativeResultsDirectory="260b7f26-26d6-408b-b766-87713d6d1328" />
    <UnitTestResult executionId="c1c86c5e-f101-47b3-bda5-ce6782c7896e" testId="16476f0b-4960-4772-906d-5908408233b9" testName="Contentstack.Core.Tests.EntryTest.GetTags" computerName="Uttams-MacBook-Pro" duration="00:00:00.4590000" startTime="2019-03-08T14:48:46.9242390+05:30" endTime="2019-03-08T14:48:46.9242420+05:30" testType="13cdc9d9-ddb5-4fa4-a97d-d965ccfc6d4b" outcome="Passed" testListId="8c84fa94-04c1-424b-9868-57a2d4851a1d" relativeResultsDirectory="c1c86c5e-f101-47b3-bda5-ce6782c7896e" />
    <UnitTestResult executionId="4103f1b6-b501-4f97-a43c-d7cb07f6a8cf" testId="79a391e7-152f-ac82-a20e-7180ee7586a3" testName="Contentstack.Core.Tests.QueryTest.WhereForDate" computerName="Uttams-MacBook-Pro" duration="00:00:01.4520000" startTime="2019-03-08T14:49:05.9615430+05:30" endTime="2019-03-08T14:49:05.9615480+05:30" testType="13cdc9d9-ddb5-4fa4-a97d-d965ccfc6d4b" outcome="Passed" testListId="8c84fa94-04c1-424b-9868-57a2d4851a1d" relativeResultsDirectory="4103f1b6-b501-4f97-a43c-d7cb07f6a8cf" />
    <UnitTestResult executionId="52ab66e3-b82d-466f-9b1e-3f524131c46c" testId="d0b3364f-b0e0-fd51-f1e7-8bcd67b1dbd8" testName="Contentstack.Core.Tests.QueryTest.GreaterThanForNumber" computerName="Uttams-MacBook-Pro" duration="00:00:01.4310000" startTime="2019-03-08T14:48:46.9735610+05:30" endTime="2019-03-08T14:48:46.9735650+05:30" testType="13cdc9d9-ddb5-4fa4-a97d-d965ccfc6d4b" outcome="Passed" testListId="8c84fa94-04c1-424b-9868-57a2d4851a1d" relativeResultsDirectory="52ab66e3-b82d-466f-9b1e-3f524131c46c" />
    <UnitTestResult executionId="5e207b15-d9e6-4da7-bf36-5656722a5995" testId="a0809f59-c7dc-01fd-d446-c67f4c8a9b5b" testName="Contentstack.Core.Tests.QueryTest.LessThanForDate" computerName="Uttams-MacBook-Pro" duration="00:00:00.8870000" startTime="2019-03-08T14:49:04.5089030+05:30" endTime="2019-03-08T14:49:04.5089060+05:30" testType="13cdc9d9-ddb5-4fa4-a97d-d965ccfc6d4b" outcome="Passed" testListId="8c84fa94-04c1-424b-9868-57a2d4851a1d" relativeResultsDirectory="5e207b15-d9e6-4da7-bf36-5656722a5995" />
    <UnitTestResult executionId="8821e08c-cdf8-4be7-bd1b-9581ca564b80" testId="a0543462-4c81-802d-c7f9-b243482b9022" testName="Contentstack.Core.Tests.QueryTest.NotContainedInForText" computerName="Uttams-MacBook-Pro" duration="00:00:00.4930000" startTime="2019-03-08T14:48:57.5246230+05:30" endTime="2019-03-08T14:48:57.5246270+05:30" testType="13cdc9d9-ddb5-4fa4-a97d-d965ccfc6d4b" outcome="Passed" testListId="8c84fa94-04c1-424b-9868-57a2d4851a1d" relativeResultsDirectory="8821e08c-cdf8-4be7-bd1b-9581ca564b80" />
    <UnitTestResult executionId="d5fa7d06-274b-4506-afa4-26785eaeadf0" testId="08a1fa90-543f-9ecb-b981-a254d8f87569" testName="Contentstack.Core.Tests.QueryTest.GreaterThanOrEqualToForNumber" computerName="Uttams-MacBook-Pro" duration="00:00:00.9440000" startTime="2019-03-08T14:48:58.4685920+05:30" endTime="2019-03-08T14:48:58.4685960+05:30" testType="13cdc9d9-ddb5-4fa4-a97d-d965ccfc6d4b" outcome="Passed" testListId="8c84fa94-04c1-424b-9868-57a2d4851a1d" relativeResultsDirectory="d5fa7d06-274b-4506-afa4-26785eaeadf0" />
    <UnitTestResult executionId="5a850916-2449-4d12-9da2-7e4067e74416" testId="6bd44e59-5c2b-69f7-3331-98a5f4531da7" testName="Contentstack.Core.Tests.EntryTest.GetHTMLText" computerName="Uttams-MacBook-Pro" duration="00:00:00.6260000" startTime="2019-03-08T14:48:48.0758400+05:30" endTime="2019-03-08T14:48:48.0758430+05:30" testType="13cdc9d9-ddb5-4fa4-a97d-d965ccfc6d4b" outcome="Passed" testListId="8c84fa94-04c1-424b-9868-57a2d4851a1d" relativeResultsDirectory="5a850916-2449-4d12-9da2-7e4067e74416" />
    <UnitTestResult executionId="b088e1d3-d1bf-4ea5-90f2-b9611fda5bc3" testId="9a6b4039-069b-68a4-dec6-6d8f107a1f57" testName="Contentstack.Core.Tests.QueryTest.NotEqualToForBoolean" computerName="Uttams-MacBook-Pro" duration="00:00:00.8980000" startTime="2019-03-08T14:49:03.6213960+05:30" endTime="2019-03-08T14:49:03.6213990+05:30" testType="13cdc9d9-ddb5-4fa4-a97d-d965ccfc6d4b" outcome="Passed" testListId="8c84fa94-04c1-424b-9868-57a2d4851a1d" relativeResultsDirectory="b088e1d3-d1bf-4ea5-90f2-b9611fda5bc3" />
    <UnitTestResult executionId="23e8b41d-9d13-4f44-ba42-64f0f13bc3ab" testId="e64e6ae7-957f-9298-72e0-0f709f1be730" testName="Contentstack.Core.Tests.QueryTest.ContainedInForDate" computerName="Uttams-MacBook-Pro" duration="00:00:00.9040000" startTime="2019-03-08T14:49:09.4130840+05:30" endTime="2019-03-08T14:49:09.4130890+05:30" testType="13cdc9d9-ddb5-4fa4-a97d-d965ccfc6d4b" outcome="Passed" testListId="8c84fa94-04c1-424b-9868-57a2d4851a1d" relativeResultsDirectory="23e8b41d-9d13-4f44-ba42-64f0f13bc3ab" />
    <UnitTestResult executionId="2d6a318d-cd9d-4674-8579-7e58e601f429" testId="bae58416-ae45-db10-6658-1587a1b1cff7" testName="Contentstack.Core.Tests.EntryTest.GetUpdatedBy" computerName="Uttams-MacBook-Pro" duration="00:00:01.4140000" startTime="2019-03-08T14:48:49.9364660+05:30" endTime="2019-03-08T14:48:49.9364700+05:30" testType="13cdc9d9-ddb5-4fa4-a97d-d965ccfc6d4b" outcome="Passed" testListId="8c84fa94-04c1-424b-9868-57a2d4851a1d" relativeResultsDirectory="2d6a318d-cd9d-4674-8579-7e58e601f429" />
    <UnitTestResult executionId="e32c2ded-724d-4747-9f0d-60ed2d531301" testId="b47560f9-3bd6-7d63-dd76-0b609eca5e07" testName="Contentstack.Core.Tests.EntryTest.FetchByUid" computerName="Uttams-MacBook-Pro" duration="00:00:00.4530000" startTime="2019-03-08T14:48:46.4651610+05:30" endTime="2019-03-08T14:48:46.4651650+05:30" testType="13cdc9d9-ddb5-4fa4-a97d-d965ccfc6d4b" outcome="Passed" testListId="8c84fa94-04c1-424b-9868-57a2d4851a1d" relativeResultsDirectory="e32c2ded-724d-4747-9f0d-60ed2d531301" />
    <UnitTestResult executionId="e7e9b3b3-bd20-4ed4-8e07-011dc87c42e8" testId="07f66fe9-02d8-fe62-4bcd-efca2b5dcf15" testName="Contentstack.Core.Tests.QueryTest.NotEqualToForDate" computerName="Uttams-MacBook-Pro" duration="00:00:00.8170000" startTime="2019-03-08T14:49:08.5088080+05:30" endTime="2019-03-08T14:49:08.5088110+05:30" testType="13cdc9d9-ddb5-4fa4-a97d-d965ccfc6d4b" outcome="Passed" testListId="8c84fa94-04c1-424b-9868-57a2d4851a1d" relativeResultsDirectory="e7e9b3b3-bd20-4ed4-8e07-011dc87c42e8" />
    <UnitTestResult executionId="acdde0eb-0a1e-4a8f-b937-3ac938e0d402" testId="f5f0f099-6dd2-ee62-813d-16ca42ea6540" testName="Contentstack.Core.Tests.QueryTest.Exists" computerName="Uttams-MacBook-Pro" duration="00:00:00.5160000" startTime="2019-03-08T14:48:49.7988640+05:30" endTime="2019-03-08T14:48:49.7988670+05:30" testType="13cdc9d9-ddb5-4fa4-a97d-d965ccfc6d4b" outcome="Passed" testListId="8c84fa94-04c1-424b-9868-57a2d4851a1d" relativeResultsDirectory="acdde0eb-0a1e-4a8f-b937-3ac938e0d402" />
    <UnitTestResult executionId="3b433f13-928f-4c11-a61f-9d9636a1a848" testId="8b7a1576-da9d-8c43-137e-5f14aaf75057" testName="Contentstack.Core.Tests.QueryTest.WhereForBoolen" computerName="Uttams-MacBook-Pro" duration="00:00:00.5230000" startTime="2019-03-08T14:48:49.2829360+05:30" endTime="2019-03-08T14:48:49.2829390+05:30" testType="13cdc9d9-ddb5-4fa4-a97d-d965ccfc6d4b" outcome="Passed" testListId="8c84fa94-04c1-424b-9868-57a2d4851a1d" relativeResultsDirectory="3b433f13-928f-4c11-a61f-9d9636a1a848" />
    <UnitTestResult executionId="d5ce7f4d-e57b-4420-92aa-c1a21cff2a3a" testId="c77b4063-4388-ee00-cffd-1739e2e4369a" testName="Contentstack.Core.Tests.QueryTest.IncludeCount" computerName="Uttams-MacBook-Pro" duration="00:00:00.4280000" startTime="2019-03-08T14:48:51.0851530+05:30" endTime="2019-03-08T14:48:51.0851560+05:30" testType="13cdc9d9-ddb5-4fa4-a97d-d965ccfc6d4b" outcome="Passed" testListId="8c84fa94-04c1-424b-9868-57a2d4851a1d" relativeResultsDirectory="d5ce7f4d-e57b-4420-92aa-c1a21cff2a3a" />
    <UnitTestResult executionId="75b16469-39ad-4f50-adc5-1aaa526e5f48" testId="47c67e97-43b6-d258-628b-002f97a29d20" testName="Contentstack.Core.Tests.EntryTest.GetCreateAt" computerName="Uttams-MacBook-Pro" duration="00:00:00.4180000" startTime="2019-03-08T14:48:50.3551070+05:30" endTime="2019-03-08T14:48:50.3551110+05:30" testType="13cdc9d9-ddb5-4fa4-a97d-d965ccfc6d4b" outcome="Passed" testListId="8c84fa94-04c1-424b-9868-57a2d4851a1d" relativeResultsDirectory="75b16469-39ad-4f50-adc5-1aaa526e5f48" />
    <UnitTestResult executionId="b68e7b23-b20d-4bc3-bcc4-09887c41b10a" testId="16cc2e70-a9d6-43cf-a511-5db62359e0a0" testName="Contentstack.Core.Tests.QueryTest.Only" computerName="Uttams-MacBook-Pro" duration="00:00:00.4420000" startTime="2019-03-08T14:48:47.8909450+05:30" endTime="2019-03-08T14:48:47.8909510+05:30" testType="13cdc9d9-ddb5-4fa4-a97d-d965ccfc6d4b" outcome="Passed" testListId="8c84fa94-04c1-424b-9868-57a2d4851a1d" relativeResultsDirectory="b68e7b23-b20d-4bc3-bcc4-09887c41b10a" />
    <UnitTestResult executionId="5c341038-bb7c-4634-b81a-e3d569dc7528" testId="29aecc1f-9548-1e83-9191-05d9e1806a8d" testName="Contentstack.Core.Tests.EntryTest.IncludeReferenceArray" computerName="Uttams-MacBook-Pro" duration="00:00:00.4460000" startTime="2019-03-08T14:48:48.5217200+05:30" endTime="2019-03-08T14:48:48.5217220+05:30" testType="13cdc9d9-ddb5-4fa4-a97d-d965ccfc6d4b" outcome="Passed" testListId="8c84fa94-04c1-424b-9868-57a2d4851a1d" relativeResultsDirectory="5c341038-bb7c-4634-b81a-e3d569dc7528" />
    <UnitTestResult executionId="8391ef98-1677-46bf-b00d-c8af80d47e22" testId="3359190c-024d-b38c-8bdb-57f5d7af8cd1" testName="Contentstack.Core.Tests.QueryTest.GreaterThanForDate" computerName="Uttams-MacBook-Pro" duration="00:00:00.4270000" startTime="2019-03-08T14:48:48.3180570+05:30" endTime="2019-03-08T14:48:48.3180610+05:30" testType="13cdc9d9-ddb5-4fa4-a97d-d965ccfc6d4b" outcome="Passed" testListId="8c84fa94-04c1-424b-9868-57a2d4851a1d" relativeResultsDirectory="8391ef98-1677-46bf-b00d-c8af80d47e22" />
    <UnitTestResult executionId="161f8422-7274-4669-b961-9abc860a00c5" testId="c9941348-8b6e-b08d-e977-a0d0221b74da" testName="Contentstack.Core.Tests.QueryTest.RegexWithModifiers" computerName="Uttams-MacBook-Pro" duration="00:00:00.7290000" startTime="2019-03-08T14:48:54.6524060+05:30" endTime="2019-03-08T14:48:54.6524090+05:30" testType="13cdc9d9-ddb5-4fa4-a97d-d965ccfc6d4b" outcome="Passed" testListId="8c84fa94-04c1-424b-9868-57a2d4851a1d" relativeResultsDirectory="161f8422-7274-4669-b961-9abc860a00c5" />
    <UnitTestResult executionId="920d8212-f8aa-447d-b87e-d755204744b4" testId="533163b6-0616-129b-be9e-e28d7b6247c4" testName="Contentstack.Core.Tests.LocalTest.FetchEntry" computerName="Uttams-MacBook-Pro" duration="00:00:00.4700000" startTime="2019-03-08T14:48:46.0120120+05:30" endTime="2019-03-08T14:48:46.0120160+05:30" testType="13cdc9d9-ddb5-4fa4-a97d-d965ccfc6d4b" outcome="Passed" testListId="8c84fa94-04c1-424b-9868-57a2d4851a1d" relativeResultsDirectory="920d8212-f8aa-447d-b87e-d755204744b4" />
    <UnitTestResult executionId="5a6d2f83-ede1-43a8-8afd-1a5e9dd08b8d" testId="5fa6019e-fd61-db7f-aa37-5fe7480ef36e" testName="Contentstack.Core.Tests.QueryTest.Limit" computerName="Uttams-MacBook-Pro" duration="00:00:00.7530000" startTime="2019-03-08T14:48:45.5404300+05:30" endTime="2019-03-08T14:48:45.5404330+05:30" testType="13cdc9d9-ddb5-4fa4-a97d-d965ccfc6d4b" outcome="Passed" testListId="8c84fa94-04c1-424b-9868-57a2d4851a1d" relativeResultsDirectory="5a6d2f83-ede1-43a8-8afd-1a5e9dd08b8d" />
    <UnitTestResult executionId="35182fc0-cd73-4424-b439-176e6a842d89" testId="bd744598-daf1-e93c-cf4a-7ac6ac4b0cfc" testName="Contentstack.Core.Tests.QueryTest.NotEqualToForNumber" computerName="Uttams-MacBook-Pro" duration="00:00:00.4280000" startTime="2019-03-08T14:48:50.6568040+05:30" endTime="2019-03-08T14:48:50.6568080+05:30" testType="13cdc9d9-ddb5-4fa4-a97d-d965ccfc6d4b" outcome="Passed" testListId="8c84fa94-04c1-424b-9868-57a2d4851a1d" relativeResultsDirectory="35182fc0-cd73-4424-b439-176e6a842d89" />
    <UnitTestResult executionId="b8c81b4b-375a-4aa9-a71e-4170535d325b" testId="1e1856ea-f3bd-89e7-e525-788c8aa616d3" testName="Contentstack.Core.Tests.QueryTest.IncludeReference" computerName="Uttams-MacBook-Pro" duration="00:00:00.8690000" startTime="2019-03-08T14:48:59.3380760+05:30" endTime="2019-03-08T14:48:59.3380810+05:30" testType="13cdc9d9-ddb5-4fa4-a97d-d965ccfc6d4b" outcome="Passed" testListId="8c84fa94-04c1-424b-9868-57a2d4851a1d" relativeResultsDirectory="b8c81b4b-375a-4aa9-a71e-4170535d325b" />
    <UnitTestResult executionId="f7369a82-23f7-491d-a4a3-8e4a975e75d0" testId="073eb6cf-e1ec-344f-ecad-31afe3db78f1" testName="Contentstack.Core.Tests.QueryTest.WhereTags" computerName="Uttams-MacBook-Pro" duration="00:00:01.4820000" startTime="2019-03-08T14:48:56.1331390+05:30" endTime="2019-03-08T14:48:56.1331430+05:30" testType="13cdc9d9-ddb5-4fa4-a97d-d965ccfc6d4b" outcome="Passed" testListId="8c84fa94-04c1-424b-9868-57a2d4851a1d" relativeResultsDirectory="f7369a82-23f7-491d-a4a3-8e4a975e75d0" />
  </Results>
  <TestDefinitions>
    <UnitTest name="Contentstack.Core.Tests.QueryTest.ContainedInForGroup" storage="/users/uttamukkoji/documents/dotnet/contentstack-dotnet/contentstack.core.tests/bin/debug/netcoreapp2.0/contentstack.core.tests.dll" id="8b21d258-1fed-c529-a189-89c8507de3f6">
      <Execution id="f6041fd4-0f37-473a-9f9e-67e23a23beaf" />
      <TestMethod codeBase="/Users/uttamukkoji/Documents/Dotnet/contentstack-dotnet/Contentstack.Core.Tests/bin/Debug/netcoreapp2.0/Contentstack.Core.Tests.dll" adapterTypeName="executor://xunit/VsTestRunner2/netcoreapp" className="Contentstack.Core.Tests" name="Contentstack.Core.Tests.QueryTest.ContainedInForGroup" />
    </UnitTest>
    <UnitTest name="Contentstack.Core.Tests.QueryTest.NotEqualToForBoolean" storage="/users/uttamukkoji/documents/dotnet/contentstack-dotnet/contentstack.core.tests/bin/debug/netcoreapp2.0/contentstack.core.tests.dll" id="9a6b4039-069b-68a4-dec6-6d8f107a1f57">
      <Execution id="b088e1d3-d1bf-4ea5-90f2-b9611fda5bc3" />
      <TestMethod codeBase="/Users/uttamukkoji/Documents/Dotnet/contentstack-dotnet/Contentstack.Core.Tests/bin/Debug/netcoreapp2.0/Contentstack.Core.Tests.dll" adapterTypeName="executor://xunit/VsTestRunner2/netcoreapp" className="Contentstack.Core.Tests" name="Contentstack.Core.Tests.QueryTest.NotEqualToForBoolean" />
    </UnitTest>
    <UnitTest name="Contentstack.Core.Tests.QueryTest.NotContainedInForNumber" storage="/users/uttamukkoji/documents/dotnet/contentstack-dotnet/contentstack.core.tests/bin/debug/netcoreapp2.0/contentstack.core.tests.dll" id="34a4049c-242b-16ed-60a0-f1b6b75ec4bc">
      <Execution id="8ef716ab-0531-4492-8a66-26f0c8a5e8e4" />
      <TestMethod codeBase="/Users/uttamukkoji/Documents/Dotnet/contentstack-dotnet/Contentstack.Core.Tests/bin/Debug/netcoreapp2.0/Contentstack.Core.Tests.dll" adapterTypeName="executor://xunit/VsTestRunner2/netcoreapp" className="Contentstack.Core.Tests" name="Contentstack.Core.Tests.QueryTest.NotContainedInForNumber" />
    </UnitTest>
    <UnitTest name="Contentstack.Core.Tests.QueryTest.RegexWithModifiers" storage="/users/uttamukkoji/documents/dotnet/contentstack-dotnet/contentstack.core.tests/bin/debug/netcoreapp2.0/contentstack.core.tests.dll" id="c9941348-8b6e-b08d-e977-a0d0221b74da">
      <Execution id="161f8422-7274-4669-b961-9abc860a00c5" />
      <TestMethod codeBase="/Users/uttamukkoji/Documents/Dotnet/contentstack-dotnet/Contentstack.Core.Tests/bin/Debug/netcoreapp2.0/Contentstack.Core.Tests.dll" adapterTypeName="executor://xunit/VsTestRunner2/netcoreapp" className="Contentstack.Core.Tests" name="Contentstack.Core.Tests.QueryTest.RegexWithModifiers" />
    </UnitTest>
    <UnitTest name="Contentstack.Core.Tests.QueryTest.NotExists" storage="/users/uttamukkoji/documents/dotnet/contentstack-dotnet/contentstack.core.tests/bin/debug/netcoreapp2.0/contentstack.core.tests.dll" id="e8cd5f9a-155f-b0e9-415a-4d5bcc09a4f7">
      <Execution id="94ec3122-e1b8-459e-b618-ebc7684331fe" />
      <TestMethod codeBase="/Users/uttamukkoji/Documents/Dotnet/contentstack-dotnet/Contentstack.Core.Tests/bin/Debug/netcoreapp2.0/Contentstack.Core.Tests.dll" adapterTypeName="executor://xunit/VsTestRunner2/netcoreapp" className="Contentstack.Core.Tests" name="Contentstack.Core.Tests.QueryTest.NotExists" />
    </UnitTest>
    <UnitTest name="Contentstack.Core.Tests.EntryTest.IncludeReference" storage="/users/uttamukkoji/documents/dotnet/contentstack-dotnet/contentstack.core.tests/bin/debug/netcoreapp2.0/contentstack.core.tests.dll" id="cf2ff285-6e4e-7cbc-4e54-40e0d6d4ff8e">
      <Execution id="8007fb41-3fef-4c07-99dd-e51ede2ae3a6" />
      <TestMethod codeBase="/Users/uttamukkoji/Documents/Dotnet/contentstack-dotnet/Contentstack.Core.Tests/bin/Debug/netcoreapp2.0/Contentstack.Core.Tests.dll" adapterTypeName="executor://xunit/VsTestRunner2/netcoreapp" className="Contentstack.Core.Tests" name="Contentstack.Core.Tests.EntryTest.IncludeReference" />
    </UnitTest>
    <UnitTest name="Contentstack.Core.Tests.EntryTest.Only" storage="/users/uttamukkoji/documents/dotnet/contentstack-dotnet/contentstack.core.tests/bin/debug/netcoreapp2.0/contentstack.core.tests.dll" id="340338c0-d2c4-3fc3-ba79-343b29ee2274">
      <Execution id="0d55bace-72c2-4574-bccf-0c59ee21bef5" />
      <TestMethod codeBase="/Users/uttamukkoji/Documents/Dotnet/contentstack-dotnet/Contentstack.Core.Tests/bin/Debug/netcoreapp2.0/Contentstack.Core.Tests.dll" adapterTypeName="executor://xunit/VsTestRunner2/netcoreapp" className="Contentstack.Core.Tests" name="Contentstack.Core.Tests.EntryTest.Only" />
    </UnitTest>
    <UnitTest name="Contentstack.Core.Tests.QueryTest.WhereForText" storage="/users/uttamukkoji/documents/dotnet/contentstack-dotnet/contentstack.core.tests/bin/debug/netcoreapp2.0/contentstack.core.tests.dll" id="11129ad6-9b0d-93e2-3add-615f5611d49d">
      <Execution id="6dc1b5c2-7f6c-45c5-850a-8ad0c5d6d100" />
      <TestMethod codeBase="/Users/uttamukkoji/Documents/Dotnet/contentstack-dotnet/Contentstack.Core.Tests/bin/Debug/netcoreapp2.0/Contentstack.Core.Tests.dll" adapterTypeName="executor://xunit/VsTestRunner2/netcoreapp" className="Contentstack.Core.Tests" name="Contentstack.Core.Tests.QueryTest.WhereForText" />
    </UnitTest>
    <UnitTest name="Contentstack.Core.Tests.EntryTest.GetCreatedBy" storage="/users/uttamukkoji/documents/dotnet/contentstack-dotnet/contentstack.core.tests/bin/debug/netcoreapp2.0/contentstack.core.tests.dll" id="d2a7cfa7-41b7-0154-50d9-9f2092d78625">
      <Execution id="7a09f2f8-a65c-452f-95ec-a68dc825e3a8" />
      <TestMethod codeBase="/Users/uttamukkoji/Documents/Dotnet/contentstack-dotnet/Contentstack.Core.Tests/bin/Debug/netcoreapp2.0/Contentstack.Core.Tests.dll" adapterTypeName="executor://xunit/VsTestRunner2/netcoreapp" className="Contentstack.Core.Tests" name="Contentstack.Core.Tests.EntryTest.GetCreatedBy" />
    </UnitTest>
    <UnitTest name="Contentstack.Core.Tests.QueryTest.GreaterThanForNumber" storage="/users/uttamukkoji/documents/dotnet/contentstack-dotnet/contentstack.core.tests/bin/debug/netcoreapp2.0/contentstack.core.tests.dll" id="d0b3364f-b0e0-fd51-f1e7-8bcd67b1dbd8">
      <Execution id="52ab66e3-b82d-466f-9b1e-3f524131c46c" />
      <TestMethod codeBase="/Users/uttamukkoji/Documents/Dotnet/contentstack-dotnet/Contentstack.Core.Tests/bin/Debug/netcoreapp2.0/Contentstack.Core.Tests.dll" adapterTypeName="executor://xunit/VsTestRunner2/netcoreapp" className="Contentstack.Core.Tests" name="Contentstack.Core.Tests.QueryTest.GreaterThanForNumber" />
    </UnitTest>
    <UnitTest name="Contentstack.Core.Tests.QueryTest.IncludeCount" storage="/users/uttamukkoji/documents/dotnet/contentstack-dotnet/contentstack.core.tests/bin/debug/netcoreapp2.0/contentstack.core.tests.dll" id="c77b4063-4388-ee00-cffd-1739e2e4369a">
      <Execution id="d5ce7f4d-e57b-4420-92aa-c1a21cff2a3a" />
      <TestMethod codeBase="/Users/uttamukkoji/Documents/Dotnet/contentstack-dotnet/Contentstack.Core.Tests/bin/Debug/netcoreapp2.0/Contentstack.Core.Tests.dll" adapterTypeName="executor://xunit/VsTestRunner2/netcoreapp" className="Contentstack.Core.Tests" name="Contentstack.Core.Tests.QueryTest.IncludeCount" />
    </UnitTest>
    <UnitTest name="Contentstack.Core.Tests.EntryTest.Except" storage="/users/uttamukkoji/documents/dotnet/contentstack-dotnet/contentstack.core.tests/bin/debug/netcoreapp2.0/contentstack.core.tests.dll" id="2e1fa1f3-77c2-babe-1950-7a5ca9e86984">
      <Execution id="4b3e35f7-6411-4975-ae49-ec471c2f16a1" />
      <TestMethod codeBase="/Users/uttamukkoji/Documents/Dotnet/contentstack-dotnet/Contentstack.Core.Tests/bin/Debug/netcoreapp2.0/Contentstack.Core.Tests.dll" adapterTypeName="executor://xunit/VsTestRunner2/netcoreapp" className="Contentstack.Core.Tests" name="Contentstack.Core.Tests.EntryTest.Except" />
    </UnitTest>
    <UnitTest name="Contentstack.Core.Tests.EntryTest.GetHTMLText" storage="/users/uttamukkoji/documents/dotnet/contentstack-dotnet/contentstack.core.tests/bin/debug/netcoreapp2.0/contentstack.core.tests.dll" id="6bd44e59-5c2b-69f7-3331-98a5f4531da7">
      <Execution id="5a850916-2449-4d12-9da2-7e4067e74416" />
      <TestMethod codeBase="/Users/uttamukkoji/Documents/Dotnet/contentstack-dotnet/Contentstack.Core.Tests/bin/Debug/netcoreapp2.0/Contentstack.Core.Tests.dll" adapterTypeName="executor://xunit/VsTestRunner2/netcoreapp" className="Contentstack.Core.Tests" name="Contentstack.Core.Tests.EntryTest.GetHTMLText" />
    </UnitTest>
    <UnitTest name="Contentstack.Core.Tests.EntryTest.GetCreateAt" storage="/users/uttamukkoji/documents/dotnet/contentstack-dotnet/contentstack.core.tests/bin/debug/netcoreapp2.0/contentstack.core.tests.dll" id="47c67e97-43b6-d258-628b-002f97a29d20">
      <Execution id="75b16469-39ad-4f50-adc5-1aaa526e5f48" />
      <TestMethod codeBase="/Users/uttamukkoji/Documents/Dotnet/contentstack-dotnet/Contentstack.Core.Tests/bin/Debug/netcoreapp2.0/Contentstack.Core.Tests.dll" adapterTypeName="executor://xunit/VsTestRunner2/netcoreapp" className="Contentstack.Core.Tests" name="Contentstack.Core.Tests.EntryTest.GetCreateAt" />
    </UnitTest>
    <UnitTest name="Contentstack.Core.Tests.QueryTest.Only" storage="/users/uttamukkoji/documents/dotnet/contentstack-dotnet/contentstack.core.tests/bin/debug/netcoreapp2.0/contentstack.core.tests.dll" id="16cc2e70-a9d6-43cf-a511-5db62359e0a0">
      <Execution id="b68e7b23-b20d-4bc3-bcc4-09887c41b10a" />
      <TestMethod codeBase="/Users/uttamukkoji/Documents/Dotnet/contentstack-dotnet/Contentstack.Core.Tests/bin/Debug/netcoreapp2.0/Contentstack.Core.Tests.dll" adapterTypeName="executor://xunit/VsTestRunner2/netcoreapp" className="Contentstack.Core.Tests" name="Contentstack.Core.Tests.QueryTest.Only" />
    </UnitTest>
    <UnitTest name="Contentstack.Core.Tests.QueryTest.GreaterThanForDate" storage="/users/uttamukkoji/documents/dotnet/contentstack-dotnet/contentstack.core.tests/bin/debug/netcoreapp2.0/contentstack.core.tests.dll" id="3359190c-024d-b38c-8bdb-57f5d7af8cd1">
      <Execution id="8391ef98-1677-46bf-b00d-c8af80d47e22" />
      <TestMethod codeBase="/Users/uttamukkoji/Documents/Dotnet/contentstack-dotnet/Contentstack.Core.Tests/bin/Debug/netcoreapp2.0/Contentstack.Core.Tests.dll" adapterTypeName="executor://xunit/VsTestRunner2/netcoreapp" className="Contentstack.Core.Tests" name="Contentstack.Core.Tests.QueryTest.GreaterThanForDate" />
    </UnitTest>
    <UnitTest name="Contentstack.Core.Tests.QueryTest.WhereForNumber" storage="/users/uttamukkoji/documents/dotnet/contentstack-dotnet/contentstack.core.tests/bin/debug/netcoreapp2.0/contentstack.core.tests.dll" id="86046bd7-d278-5b21-2294-5c99285773c5">
      <Execution id="d6a3256e-4ff5-461e-9d13-47ad16a17294" />
      <TestMethod codeBase="/Users/uttamukkoji/Documents/Dotnet/contentstack-dotnet/Contentstack.Core.Tests/bin/Debug/netcoreapp2.0/Contentstack.Core.Tests.dll" adapterTypeName="executor://xunit/VsTestRunner2/netcoreapp" className="Contentstack.Core.Tests" name="Contentstack.Core.Tests.QueryTest.WhereForNumber" />
    </UnitTest>
    <UnitTest name="Contentstack.Core.Tests.QueryTest.NotEqualToForNumber" storage="/users/uttamukkoji/documents/dotnet/contentstack-dotnet/contentstack.core.tests/bin/debug/netcoreapp2.0/contentstack.core.tests.dll" id="bd744598-daf1-e93c-cf4a-7ac6ac4b0cfc">
      <Execution id="35182fc0-cd73-4424-b439-176e6a842d89" />
      <TestMethod codeBase="/Users/uttamukkoji/Documents/Dotnet/contentstack-dotnet/Contentstack.Core.Tests/bin/Debug/netcoreapp2.0/Contentstack.Core.Tests.dll" adapterTypeName="executor://xunit/VsTestRunner2/netcoreapp" className="Contentstack.Core.Tests" name="Contentstack.Core.Tests.QueryTest.NotEqualToForNumber" />
    </UnitTest>
    <UnitTest name="Contentstack.Core.Tests.QueryTest.LessThanOrEqualToForDate" storage="/users/uttamukkoji/documents/dotnet/contentstack-dotnet/contentstack.core.tests/bin/debug/netcoreapp2.0/contentstack.core.tests.dll" id="64129474-f975-cc72-daa3-69acd22c3d3e">
      <Execution id="c6f1a9b8-bb05-4b53-bf86-458ffb99e1a5" />
      <TestMethod codeBase="/Users/uttamukkoji/Documents/Dotnet/contentstack-dotnet/Contentstack.Core.Tests/bin/Debug/netcoreapp2.0/Contentstack.Core.Tests.dll" adapterTypeName="executor://xunit/VsTestRunner2/netcoreapp" className="Contentstack.Core.Tests" name="Contentstack.Core.Tests.QueryTest.LessThanOrEqualToForDate" />
    </UnitTest>
    <UnitTest name="Contentstack.Core.Tests.QueryTest.NotEqualToForText" storage="/users/uttamukkoji/documents/dotnet/contentstack-dotnet/contentstack.core.tests/bin/debug/netcoreapp2.0/contentstack.core.tests.dll" id="97cb88f6-e8f8-e14b-bbf0-a00daf128c73">
      <Execution id="ffe1f057-c1ac-463f-9fb1-f789832dadff" />
      <TestMethod codeBase="/Users/uttamukkoji/Documents/Dotnet/contentstack-dotnet/Contentstack.Core.Tests/bin/Debug/netcoreapp2.0/Contentstack.Core.Tests.dll" adapterTypeName="executor://xunit/VsTestRunner2/netcoreapp" className="Contentstack.Core.Tests" name="Contentstack.Core.Tests.QueryTest.NotEqualToForText" />
    </UnitTest>
    <UnitTest name="Contentstack.Core.Tests.QueryTest.IncludeReference" storage="/users/uttamukkoji/documents/dotnet/contentstack-dotnet/contentstack.core.tests/bin/debug/netcoreapp2.0/contentstack.core.tests.dll" id="1e1856ea-f3bd-89e7-e525-788c8aa616d3">
      <Execution id="b8c81b4b-375a-4aa9-a71e-4170535d325b" />
      <TestMethod codeBase="/Users/uttamukkoji/Documents/Dotnet/contentstack-dotnet/Contentstack.Core.Tests/bin/Debug/netcoreapp2.0/Contentstack.Core.Tests.dll" adapterTypeName="executor://xunit/VsTestRunner2/netcoreapp" className="Contentstack.Core.Tests" name="Contentstack.Core.Tests.QueryTest.IncludeReference" />
    </UnitTest>
    <UnitTest name="Contentstack.Core.Tests.QueryTest.ContainedInForDate" storage="/users/uttamukkoji/documents/dotnet/contentstack-dotnet/contentstack.core.tests/bin/debug/netcoreapp2.0/contentstack.core.tests.dll" id="e64e6ae7-957f-9298-72e0-0f709f1be730">
      <Execution id="23e8b41d-9d13-4f44-ba42-64f0f13bc3ab" />
      <TestMethod codeBase="/Users/uttamukkoji/Documents/Dotnet/contentstack-dotnet/Contentstack.Core.Tests/bin/Debug/netcoreapp2.0/Contentstack.Core.Tests.dll" adapterTypeName="executor://xunit/VsTestRunner2/netcoreapp" className="Contentstack.Core.Tests" name="Contentstack.Core.Tests.QueryTest.ContainedInForDate" />
    </UnitTest>
    <UnitTest name="Contentstack.Core.Tests.QueryTest.WhereTags" storage="/users/uttamukkoji/documents/dotnet/contentstack-dotnet/contentstack.core.tests/bin/debug/netcoreapp2.0/contentstack.core.tests.dll" id="073eb6cf-e1ec-344f-ecad-31afe3db78f1">
      <Execution id="f7369a82-23f7-491d-a4a3-8e4a975e75d0" />
      <TestMethod codeBase="/Users/uttamukkoji/Documents/Dotnet/contentstack-dotnet/Contentstack.Core.Tests/bin/Debug/netcoreapp2.0/Contentstack.Core.Tests.dll" adapterTypeName="executor://xunit/VsTestRunner2/netcoreapp" className="Contentstack.Core.Tests" name="Contentstack.Core.Tests.QueryTest.WhereTags" />
    </UnitTest>
    <UnitTest name="Contentstack.Core.Tests.QueryTest.WhereForDate" storage="/users/uttamukkoji/documents/dotnet/contentstack-dotnet/contentstack.core.tests/bin/debug/netcoreapp2.0/contentstack.core.tests.dll" id="79a391e7-152f-ac82-a20e-7180ee7586a3">
      <Execution id="4103f1b6-b501-4f97-a43c-d7cb07f6a8cf" />
      <TestMethod codeBase="/Users/uttamukkoji/Documents/Dotnet/contentstack-dotnet/Contentstack.Core.Tests/bin/Debug/netcoreapp2.0/Contentstack.Core.Tests.dll" adapterTypeName="executor://xunit/VsTestRunner2/netcoreapp" className="Contentstack.Core.Tests" name="Contentstack.Core.Tests.QueryTest.WhereForDate" />
    </UnitTest>
    <UnitTest name="Contentstack.Core.Tests.QueryTest.WhereForBoolen" storage="/users/uttamukkoji/documents/dotnet/contentstack-dotnet/contentstack.core.tests/bin/debug/netcoreapp2.0/contentstack.core.tests.dll" id="8b7a1576-da9d-8c43-137e-5f14aaf75057">
      <Execution id="3b433f13-928f-4c11-a61f-9d9636a1a848" />
      <TestMethod codeBase="/Users/uttamukkoji/Documents/Dotnet/contentstack-dotnet/Contentstack.Core.Tests/bin/Debug/netcoreapp2.0/Contentstack.Core.Tests.dll" adapterTypeName="executor://xunit/VsTestRunner2/netcoreapp" className="Contentstack.Core.Tests" name="Contentstack.Core.Tests.QueryTest.WhereForBoolen" />
    </UnitTest>
    <UnitTest name="Contentstack.Core.Tests.QueryTest.NotEqualToForDate" storage="/users/uttamukkoji/documents/dotnet/contentstack-dotnet/contentstack.core.tests/bin/debug/netcoreapp2.0/contentstack.core.tests.dll" id="07f66fe9-02d8-fe62-4bcd-efca2b5dcf15">
      <Execution id="e7e9b3b3-bd20-4ed4-8e07-011dc87c42e8" />
      <TestMethod codeBase="/Users/uttamukkoji/Documents/Dotnet/contentstack-dotnet/Contentstack.Core.Tests/bin/Debug/netcoreapp2.0/Contentstack.Core.Tests.dll" adapterTypeName="executor://xunit/VsTestRunner2/netcoreapp" className="Contentstack.Core.Tests" name="Contentstack.Core.Tests.QueryTest.NotEqualToForDate" />
    </UnitTest>
    <UnitTest name="Contentstack.Core.Tests.QueryTest.NotContainedInForDate" storage="/users/uttamukkoji/documents/dotnet/contentstack-dotnet/contentstack.core.tests/bin/debug/netcoreapp2.0/contentstack.core.tests.dll" id="cd609450-698f-8514-1c04-ca56c6db72a5">
      <Execution id="41629e36-5d75-410d-ba35-bea424c08429" />
      <TestMethod codeBase="/Users/uttamukkoji/Documents/Dotnet/contentstack-dotnet/Contentstack.Core.Tests/bin/Debug/netcoreapp2.0/Contentstack.Core.Tests.dll" adapterTypeName="executor://xunit/VsTestRunner2/netcoreapp" className="Contentstack.Core.Tests" name="Contentstack.Core.Tests.QueryTest.NotContainedInForDate" />
    </UnitTest>
    <UnitTest name="Contentstack.Core.Tests.QueryTest.FetchAll" storage="/users/uttamukkoji/documents/dotnet/contentstack-dotnet/contentstack.core.tests/bin/debug/netcoreapp2.0/contentstack.core.tests.dll" id="ef162e19-e7b5-f439-839a-db6726f60237">
      <Execution id="de6aeab1-ecfc-4b63-be2d-1ebe8a2449ef" />
      <TestMethod codeBase="/Users/uttamukkoji/Documents/Dotnet/contentstack-dotnet/Contentstack.Core.Tests/bin/Debug/netcoreapp2.0/Contentstack.Core.Tests.dll" adapterTypeName="executor://xunit/VsTestRunner2/netcoreapp" className="Contentstack.Core.Tests" name="Contentstack.Core.Tests.QueryTest.FetchAll" />
    </UnitTest>
    <UnitTest name="Contentstack.Core.Tests.QueryTest.ContainedInForModularBlock" storage="/users/uttamukkoji/documents/dotnet/contentstack-dotnet/contentstack.core.tests/bin/debug/netcoreapp2.0/contentstack.core.tests.dll" id="3f20e76d-31f1-b4c0-b5e0-4f7a53e4e2d2">
      <Execution id="e725e8d7-e893-453c-aabc-75e767edae45" />
      <TestMethod codeBase="/Users/uttamukkoji/Documents/Dotnet/contentstack-dotnet/Contentstack.Core.Tests/bin/Debug/netcoreapp2.0/Contentstack.Core.Tests.dll" adapterTypeName="executor://xunit/VsTestRunner2/netcoreapp" className="Contentstack.Core.Tests" name="Contentstack.Core.Tests.QueryTest.ContainedInForModularBlock" />
    </UnitTest>
    <UnitTest name="Contentstack.Core.Tests.QueryTest.Except" storage="/users/uttamukkoji/documents/dotnet/contentstack-dotnet/contentstack.core.tests/bin/debug/netcoreapp2.0/contentstack.core.tests.dll" id="18798cdb-d0bd-f7db-a73e-31f0998c3f71">
      <Execution id="8f6e5600-0058-4b4f-a0c1-eabdcbc144ea" />
      <TestMethod codeBase="/Users/uttamukkoji/Documents/Dotnet/contentstack-dotnet/Contentstack.Core.Tests/bin/Debug/netcoreapp2.0/Contentstack.Core.Tests.dll" adapterTypeName="executor://xunit/VsTestRunner2/netcoreapp" className="Contentstack.Core.Tests" name="Contentstack.Core.Tests.QueryTest.Except" />
    </UnitTest>
    <UnitTest name="Contentstack.Core.Tests.QueryTest.ContainedInForNumber" storage="/users/uttamukkoji/documents/dotnet/contentstack-dotnet/contentstack.core.tests/bin/debug/netcoreapp2.0/contentstack.core.tests.dll" id="fb3daff4-be01-bf3b-f360-ce92e76d0ff3">
      <Execution id="c757c073-15ca-4ebe-9f32-6866016ba4d0" />
      <TestMethod codeBase="/Users/uttamukkoji/Documents/Dotnet/contentstack-dotnet/Contentstack.Core.Tests/bin/Debug/netcoreapp2.0/Contentstack.Core.Tests.dll" adapterTypeName="executor://xunit/VsTestRunner2/netcoreapp" className="Contentstack.Core.Tests" name="Contentstack.Core.Tests.QueryTest.ContainedInForNumber" />
    </UnitTest>
    <UnitTest name="Contentstack.Core.Tests.EntryTest.GetUpdateAt" storage="/users/uttamukkoji/documents/dotnet/contentstack-dotnet/contentstack.core.tests/bin/debug/netcoreapp2.0/contentstack.core.tests.dll" id="76080a7f-464c-d525-993d-ce4cb403e712">
      <Execution id="260b7f26-26d6-408b-b766-87713d6d1328" />
      <TestMethod codeBase="/Users/uttamukkoji/Documents/Dotnet/contentstack-dotnet/Contentstack.Core.Tests/bin/Debug/netcoreapp2.0/Contentstack.Core.Tests.dll" adapterTypeName="executor://xunit/VsTestRunner2/netcoreapp" className="Contentstack.Core.Tests" name="Contentstack.Core.Tests.EntryTest.GetUpdateAt" />
    </UnitTest>
    <UnitTest name="Contentstack.Core.Tests.EntryTest.IncludeReferenceArray" storage="/users/uttamukkoji/documents/dotnet/contentstack-dotnet/contentstack.core.tests/bin/debug/netcoreapp2.0/contentstack.core.tests.dll" id="29aecc1f-9548-1e83-9191-05d9e1806a8d">
      <Execution id="5c341038-bb7c-4634-b81a-e3d569dc7528" />
      <TestMethod codeBase="/Users/uttamukkoji/Documents/Dotnet/contentstack-dotnet/Contentstack.Core.Tests/bin/Debug/netcoreapp2.0/Contentstack.Core.Tests.dll" adapterTypeName="executor://xunit/VsTestRunner2/netcoreapp" className="Contentstack.Core.Tests" name="Contentstack.Core.Tests.EntryTest.IncludeReferenceArray" />
    </UnitTest>
    <UnitTest name="Contentstack.Core.Tests.LocalTest.FetchEntry" storage="/users/uttamukkoji/documents/dotnet/contentstack-dotnet/contentstack.core.tests/bin/debug/netcoreapp2.0/contentstack.core.tests.dll" id="533163b6-0616-129b-be9e-e28d7b6247c4">
      <Execution id="920d8212-f8aa-447d-b87e-d755204744b4" />
      <TestMethod codeBase="/Users/uttamukkoji/Documents/Dotnet/contentstack-dotnet/Contentstack.Core.Tests/bin/Debug/netcoreapp2.0/Contentstack.Core.Tests.dll" adapterTypeName="executor://xunit/VsTestRunner2/netcoreapp" className="Contentstack.Core.Tests" name="Contentstack.Core.Tests.LocalTest.FetchEntry" />
    </UnitTest>
    <UnitTest name="Contentstack.Core.Tests.QueryTest.LessThanForDate" storage="/users/uttamukkoji/documents/dotnet/contentstack-dotnet/contentstack.core.tests/bin/debug/netcoreapp2.0/contentstack.core.tests.dll" id="a0809f59-c7dc-01fd-d446-c67f4c8a9b5b">
      <Execution id="5e207b15-d9e6-4da7-bf36-5656722a5995" />
      <TestMethod codeBase="/Users/uttamukkoji/Documents/Dotnet/contentstack-dotnet/Contentstack.Core.Tests/bin/Debug/netcoreapp2.0/Contentstack.Core.Tests.dll" adapterTypeName="executor://xunit/VsTestRunner2/netcoreapp" className="Contentstack.Core.Tests" name="Contentstack.Core.Tests.QueryTest.LessThanForDate" />
    </UnitTest>
    <UnitTest name="Contentstack.Core.Tests.QueryTest.Limit" storage="/users/uttamukkoji/documents/dotnet/contentstack-dotnet/contentstack.core.tests/bin/debug/netcoreapp2.0/contentstack.core.tests.dll" id="5fa6019e-fd61-db7f-aa37-5fe7480ef36e">
      <Execution id="5a6d2f83-ede1-43a8-8afd-1a5e9dd08b8d" />
      <TestMethod codeBase="/Users/uttamukkoji/Documents/Dotnet/contentstack-dotnet/Contentstack.Core.Tests/bin/Debug/netcoreapp2.0/Contentstack.Core.Tests.dll" adapterTypeName="executor://xunit/VsTestRunner2/netcoreapp" className="Contentstack.Core.Tests" name="Contentstack.Core.Tests.QueryTest.Limit" />
    </UnitTest>
    <UnitTest name="Contentstack.Core.Tests.QueryTest.NotContainedInForText" storage="/users/uttamukkoji/documents/dotnet/contentstack-dotnet/contentstack.core.tests/bin/debug/netcoreapp2.0/contentstack.core.tests.dll" id="a0543462-4c81-802d-c7f9-b243482b9022">
      <Execution id="8821e08c-cdf8-4be7-bd1b-9581ca564b80" />
      <TestMethod codeBase="/Users/uttamukkoji/Documents/Dotnet/contentstack-dotnet/Contentstack.Core.Tests/bin/Debug/netcoreapp2.0/Contentstack.Core.Tests.dll" adapterTypeName="executor://xunit/VsTestRunner2/netcoreapp" className="Contentstack.Core.Tests" name="Contentstack.Core.Tests.QueryTest.NotContainedInForText" />
    </UnitTest>
    <UnitTest name="Contentstack.Core.Tests.QueryTest.Skip" storage="/users/uttamukkoji/documents/dotnet/contentstack-dotnet/contentstack.core.tests/bin/debug/netcoreapp2.0/contentstack.core.tests.dll" id="4be3e53f-a355-de8d-85a5-966bca82aa5f">
      <Execution id="82fdaaeb-e289-4daa-9563-472e782980e4" />
      <TestMethod codeBase="/Users/uttamukkoji/Documents/Dotnet/contentstack-dotnet/Contentstack.Core.Tests/bin/Debug/netcoreapp2.0/Contentstack.Core.Tests.dll" adapterTypeName="executor://xunit/VsTestRunner2/netcoreapp" className="Contentstack.Core.Tests" name="Contentstack.Core.Tests.QueryTest.Skip" />
    </UnitTest>
    <UnitTest name="Contentstack.Core.Tests.EntryTest.FetchByUid" storage="/users/uttamukkoji/documents/dotnet/contentstack-dotnet/contentstack.core.tests/bin/debug/netcoreapp2.0/contentstack.core.tests.dll" id="b47560f9-3bd6-7d63-dd76-0b609eca5e07">
      <Execution id="e32c2ded-724d-4747-9f0d-60ed2d531301" />
      <TestMethod codeBase="/Users/uttamukkoji/Documents/Dotnet/contentstack-dotnet/Contentstack.Core.Tests/bin/Debug/netcoreapp2.0/Contentstack.Core.Tests.dll" adapterTypeName="executor://xunit/VsTestRunner2/netcoreapp" className="Contentstack.Core.Tests" name="Contentstack.Core.Tests.EntryTest.FetchByUid" />
    </UnitTest>
    <UnitTest name="Contentstack.Core.Tests.QueryTest.Exists" storage="/users/uttamukkoji/documents/dotnet/contentstack-dotnet/contentstack.core.tests/bin/debug/netcoreapp2.0/contentstack.core.tests.dll" id="f5f0f099-6dd2-ee62-813d-16ca42ea6540">
      <Execution id="acdde0eb-0a1e-4a8f-b937-3ac938e0d402" />
      <TestMethod codeBase="/Users/uttamukkoji/Documents/Dotnet/contentstack-dotnet/Contentstack.Core.Tests/bin/Debug/netcoreapp2.0/Contentstack.Core.Tests.dll" adapterTypeName="executor://xunit/VsTestRunner2/netcoreapp" className="Contentstack.Core.Tests" name="Contentstack.Core.Tests.QueryTest.Exists" />
    </UnitTest>
    <UnitTest name="Contentstack.Core.Tests.QueryTest.LessThanOrEqualToForNumber" storage="/users/uttamukkoji/documents/dotnet/contentstack-dotnet/contentstack.core.tests/bin/debug/netcoreapp2.0/contentstack.core.tests.dll" id="3280cae6-6e14-1cdd-b640-070cd5982804">
      <Execution id="e69983cf-e7b7-4be0-ae42-6b4e72fa3c0d" />
      <TestMethod codeBase="/Users/uttamukkoji/Documents/Dotnet/contentstack-dotnet/Contentstack.Core.Tests/bin/Debug/netcoreapp2.0/Contentstack.Core.Tests.dll" adapterTypeName="executor://xunit/VsTestRunner2/netcoreapp" className="Contentstack.Core.Tests" name="Contentstack.Core.Tests.QueryTest.LessThanOrEqualToForNumber" />
    </UnitTest>
    <UnitTest name="Contentstack.Core.Tests.QueryTest.FindOne" storage="/users/uttamukkoji/documents/dotnet/contentstack-dotnet/contentstack.core.tests/bin/debug/netcoreapp2.0/contentstack.core.tests.dll" id="c2d85906-5343-c1eb-1c6e-18c6b50b567f">
      <Execution id="82923b25-ca92-4abd-8e2b-a16033689a41" />
      <TestMethod codeBase="/Users/uttamukkoji/Documents/Dotnet/contentstack-dotnet/Contentstack.Core.Tests/bin/Debug/netcoreapp2.0/Contentstack.Core.Tests.dll" adapterTypeName="executor://xunit/VsTestRunner2/netcoreapp" className="Contentstack.Core.Tests" name="Contentstack.Core.Tests.QueryTest.FindOne" />
    </UnitTest>
    <UnitTest name="Contentstack.Core.Tests.QueryTest.LessThanForNumber" storage="/users/uttamukkoji/documents/dotnet/contentstack-dotnet/contentstack.core.tests/bin/debug/netcoreapp2.0/contentstack.core.tests.dll" id="dbc0fafc-e070-7ee4-37e8-15c731a1cf8f">
      <Execution id="ca80c1b9-af77-44d8-808a-da45538214fc" />
      <TestMethod codeBase="/Users/uttamukkoji/Documents/Dotnet/contentstack-dotnet/Contentstack.Core.Tests/bin/Debug/netcoreapp2.0/Contentstack.Core.Tests.dll" adapterTypeName="executor://xunit/VsTestRunner2/netcoreapp" className="Contentstack.Core.Tests" name="Contentstack.Core.Tests.QueryTest.LessThanForNumber" />
    </UnitTest>
    <UnitTest name="Contentstack.Core.Tests.QueryTest.GreaterThanOrEqualToForNumber" storage="/users/uttamukkoji/documents/dotnet/contentstack-dotnet/contentstack.core.tests/bin/debug/netcoreapp2.0/contentstack.core.tests.dll" id="08a1fa90-543f-9ecb-b981-a254d8f87569">
      <Execution id="d5fa7d06-274b-4506-afa4-26785eaeadf0" />
      <TestMethod codeBase="/Users/uttamukkoji/Documents/Dotnet/contentstack-dotnet/Contentstack.Core.Tests/bin/Debug/netcoreapp2.0/Contentstack.Core.Tests.dll" adapterTypeName="executor://xunit/VsTestRunner2/netcoreapp" className="Contentstack.Core.Tests" name="Contentstack.Core.Tests.QueryTest.GreaterThanOrEqualToForNumber" />
    </UnitTest>
    <UnitTest name="Contentstack.Core.Tests.QueryTest.Ascending" storage="/users/uttamukkoji/documents/dotnet/contentstack-dotnet/contentstack.core.tests/bin/debug/netcoreapp2.0/contentstack.core.tests.dll" id="1b457c0f-0f43-14cc-162e-4d11ea194fd2">
      <Execution id="c8c41784-4503-46e7-9116-a33c5d982a48" />
      <TestMethod codeBase="/Users/uttamukkoji/Documents/Dotnet/contentstack-dotnet/Contentstack.Core.Tests/bin/Debug/netcoreapp2.0/Contentstack.Core.Tests.dll" adapterTypeName="executor://xunit/VsTestRunner2/netcoreapp" className="Contentstack.Core.Tests" name="Contentstack.Core.Tests.QueryTest.Ascending" />
    </UnitTest>
    <UnitTest name="Contentstack.Core.Tests.LocalTest.FetchQueryForEntry" storage="/users/uttamukkoji/documents/dotnet/contentstack-dotnet/contentstack.core.tests/bin/debug/netcoreapp2.0/contentstack.core.tests.dll" id="71761fdf-685c-1148-4d7b-6fa91bd73828">
      <Execution id="a041cc9a-d6c3-42d1-93e7-9355cd0f1ffd" />
      <TestMethod codeBase="/Users/uttamukkoji/Documents/Dotnet/contentstack-dotnet/Contentstack.Core.Tests/bin/Debug/netcoreapp2.0/Contentstack.Core.Tests.dll" adapterTypeName="executor://xunit/VsTestRunner2/netcoreapp" className="Contentstack.Core.Tests" name="Contentstack.Core.Tests.LocalTest.FetchQueryForEntry" />
    </UnitTest>
    <UnitTest name="Contentstack.Core.Tests.QueryTest.Regex" storage="/users/uttamukkoji/documents/dotnet/contentstack-dotnet/contentstack.core.tests/bin/debug/netcoreapp2.0/contentstack.core.tests.dll" id="73e47a80-e4aa-bfcd-ca84-2f13456a8bfa">
      <Execution id="c9aa24c1-3240-41e8-9b3b-1b336967ef67" />
      <TestMethod codeBase="/Users/uttamukkoji/Documents/Dotnet/contentstack-dotnet/Contentstack.Core.Tests/bin/Debug/netcoreapp2.0/Contentstack.Core.Tests.dll" adapterTypeName="executor://xunit/VsTestRunner2/netcoreapp" className="Contentstack.Core.Tests" name="Contentstack.Core.Tests.QueryTest.Regex" />
    </UnitTest>
    <UnitTest name="Contentstack.Core.Tests.QueryTest.GreaterThanOrEqualToForDate" storage="/users/uttamukkoji/documents/dotnet/contentstack-dotnet/contentstack.core.tests/bin/debug/netcoreapp2.0/contentstack.core.tests.dll" id="fc212178-b810-9020-5805-1fcb8eeade53">
      <Execution id="81364426-4bf6-4315-b351-2f9e17133eb7" />
      <TestMethod codeBase="/Users/uttamukkoji/Documents/Dotnet/contentstack-dotnet/Contentstack.Core.Tests/bin/Debug/netcoreapp2.0/Contentstack.Core.Tests.dll" adapterTypeName="executor://xunit/VsTestRunner2/netcoreapp" className="Contentstack.Core.Tests" name="Contentstack.Core.Tests.QueryTest.GreaterThanOrEqualToForDate" />
    </UnitTest>
    <UnitTest name="Contentstack.Core.Tests.EntryTest.GetUpdatedBy" storage="/users/uttamukkoji/documents/dotnet/contentstack-dotnet/contentstack.core.tests/bin/debug/netcoreapp2.0/contentstack.core.tests.dll" id="bae58416-ae45-db10-6658-1587a1b1cff7">
      <Execution id="2d6a318d-cd9d-4674-8579-7e58e601f429" />
      <TestMethod codeBase="/Users/uttamukkoji/Documents/Dotnet/contentstack-dotnet/Contentstack.Core.Tests/bin/Debug/netcoreapp2.0/Contentstack.Core.Tests.dll" adapterTypeName="executor://xunit/VsTestRunner2/netcoreapp" className="Contentstack.Core.Tests" name="Contentstack.Core.Tests.EntryTest.GetUpdatedBy" />
    </UnitTest>
    <UnitTest name="Contentstack.Core.Tests.QueryTest.And" storage="/users/uttamukkoji/documents/dotnet/contentstack-dotnet/contentstack.core.tests/bin/debug/netcoreapp2.0/contentstack.core.tests.dll" id="90490095-97db-be57-861a-57ae194d5ac5">
      <Execution id="9de50a21-edb3-4017-bc55-f24aae54a5c3" />
      <TestMethod codeBase="/Users/uttamukkoji/Documents/Dotnet/contentstack-dotnet/Contentstack.Core.Tests/bin/Debug/netcoreapp2.0/Contentstack.Core.Tests.dll" adapterTypeName="executor://xunit/VsTestRunner2/netcoreapp" className="Contentstack.Core.Tests" name="Contentstack.Core.Tests.QueryTest.And" />
    </UnitTest>
    <UnitTest name="Contentstack.Core.Tests.QueryTest.Or" storage="/users/uttamukkoji/documents/dotnet/contentstack-dotnet/contentstack.core.tests/bin/debug/netcoreapp2.0/contentstack.core.tests.dll" id="ceef3ff0-1c4b-674f-6182-12abfba0adf1">
      <Execution id="c184e69f-55df-491f-9c66-b7c0bfe6a1cc" />
      <TestMethod codeBase="/Users/uttamukkoji/Documents/Dotnet/contentstack-dotnet/Contentstack.Core.Tests/bin/Debug/netcoreapp2.0/Contentstack.Core.Tests.dll" adapterTypeName="executor://xunit/VsTestRunner2/netcoreapp" className="Contentstack.Core.Tests" name="Contentstack.Core.Tests.QueryTest.Or" />
    </UnitTest>
    <UnitTest name="Contentstack.Core.Tests.QueryTest.Descending" storage="/users/uttamukkoji/documents/dotnet/contentstack-dotnet/contentstack.core.tests/bin/debug/netcoreapp2.0/contentstack.core.tests.dll" id="e6d009c1-a8d8-b3d3-fa6e-877aebdad885">
      <Execution id="49ecaa67-9c74-44c5-ad1e-873399477754" />
      <TestMethod codeBase="/Users/uttamukkoji/Documents/Dotnet/contentstack-dotnet/Contentstack.Core.Tests/bin/Debug/netcoreapp2.0/Contentstack.Core.Tests.dll" adapterTypeName="executor://xunit/VsTestRunner2/netcoreapp" className="Contentstack.Core.Tests" name="Contentstack.Core.Tests.QueryTest.Descending" />
    </UnitTest>
    <UnitTest name="Contentstack.Core.Tests.QueryTest.ContainedInForText" storage="/users/uttamukkoji/documents/dotnet/contentstack-dotnet/contentstack.core.tests/bin/debug/netcoreapp2.0/contentstack.core.tests.dll" id="07500788-7f13-7486-a250-54dd78e53b39">
      <Execution id="d4119bc2-756b-42f7-a894-3ab0a6698b55" />
      <TestMethod codeBase="/Users/uttamukkoji/Documents/Dotnet/contentstack-dotnet/Contentstack.Core.Tests/bin/Debug/netcoreapp2.0/Contentstack.Core.Tests.dll" adapterTypeName="executor://xunit/VsTestRunner2/netcoreapp" className="Contentstack.Core.Tests" name="Contentstack.Core.Tests.QueryTest.ContainedInForText" />
    </UnitTest>
    <UnitTest name="Contentstack.Core.Tests.EntryTest.GetTags" storage="/users/uttamukkoji/documents/dotnet/contentstack-dotnet/contentstack.core.tests/bin/debug/netcoreapp2.0/contentstack.core.tests.dll" id="16476f0b-4960-4772-906d-5908408233b9">
      <Execution id="c1c86c5e-f101-47b3-bda5-ce6782c7896e" />
      <TestMethod codeBase="/Users/uttamukkoji/Documents/Dotnet/contentstack-dotnet/Contentstack.Core.Tests/bin/Debug/netcoreapp2.0/Contentstack.Core.Tests.dll" adapterTypeName="executor://xunit/VsTestRunner2/netcoreapp" className="Contentstack.Core.Tests" name="Contentstack.Core.Tests.EntryTest.GetTags" />
    </UnitTest>
  </TestDefinitions>
  <TestEntries>
    <TestEntry testId="07500788-7f13-7486-a250-54dd78e53b39" executionId="d4119bc2-756b-42f7-a894-3ab0a6698b55" testListId="8c84fa94-04c1-424b-9868-57a2d4851a1d" />
    <TestEntry testId="86046bd7-d278-5b21-2294-5c99285773c5" executionId="d6a3256e-4ff5-461e-9d13-47ad16a17294" testListId="8c84fa94-04c1-424b-9868-57a2d4851a1d" />
    <TestEntry testId="2e1fa1f3-77c2-babe-1950-7a5ca9e86984" executionId="4b3e35f7-6411-4975-ae49-ec471c2f16a1" testListId="8c84fa94-04c1-424b-9868-57a2d4851a1d" />
    <TestEntry testId="fc212178-b810-9020-5805-1fcb8eeade53" executionId="81364426-4bf6-4315-b351-2f9e17133eb7" testListId="8c84fa94-04c1-424b-9868-57a2d4851a1d" />
    <TestEntry testId="64129474-f975-cc72-daa3-69acd22c3d3e" executionId="c6f1a9b8-bb05-4b53-bf86-458ffb99e1a5" testListId="8c84fa94-04c1-424b-9868-57a2d4851a1d" />
    <TestEntry testId="90490095-97db-be57-861a-57ae194d5ac5" executionId="9de50a21-edb3-4017-bc55-f24aae54a5c3" testListId="8c84fa94-04c1-424b-9868-57a2d4851a1d" />
    <TestEntry testId="cd609450-698f-8514-1c04-ca56c6db72a5" executionId="41629e36-5d75-410d-ba35-bea424c08429" testListId="8c84fa94-04c1-424b-9868-57a2d4851a1d" />
    <TestEntry testId="34a4049c-242b-16ed-60a0-f1b6b75ec4bc" executionId="8ef716ab-0531-4492-8a66-26f0c8a5e8e4" testListId="8c84fa94-04c1-424b-9868-57a2d4851a1d" />
    <TestEntry testId="cf2ff285-6e4e-7cbc-4e54-40e0d6d4ff8e" executionId="8007fb41-3fef-4c07-99dd-e51ede2ae3a6" testListId="8c84fa94-04c1-424b-9868-57a2d4851a1d" />
    <TestEntry testId="97cb88f6-e8f8-e14b-bbf0-a00daf128c73" executionId="ffe1f057-c1ac-463f-9fb1-f789832dadff" testListId="8c84fa94-04c1-424b-9868-57a2d4851a1d" />
    <TestEntry testId="73e47a80-e4aa-bfcd-ca84-2f13456a8bfa" executionId="c9aa24c1-3240-41e8-9b3b-1b336967ef67" testListId="8c84fa94-04c1-424b-9868-57a2d4851a1d" />
    <TestEntry testId="3f20e76d-31f1-b4c0-b5e0-4f7a53e4e2d2" executionId="e725e8d7-e893-453c-aabc-75e767edae45" testListId="8c84fa94-04c1-424b-9868-57a2d4851a1d" />
    <TestEntry testId="11129ad6-9b0d-93e2-3add-615f5611d49d" executionId="6dc1b5c2-7f6c-45c5-850a-8ad0c5d6d100" testListId="8c84fa94-04c1-424b-9868-57a2d4851a1d" />
    <TestEntry testId="ceef3ff0-1c4b-674f-6182-12abfba0adf1" executionId="c184e69f-55df-491f-9c66-b7c0bfe6a1cc" testListId="8c84fa94-04c1-424b-9868-57a2d4851a1d" />
    <TestEntry testId="c2d85906-5343-c1eb-1c6e-18c6b50b567f" executionId="82923b25-ca92-4abd-8e2b-a16033689a41" testListId="8c84fa94-04c1-424b-9868-57a2d4851a1d" />
    <TestEntry testId="1b457c0f-0f43-14cc-162e-4d11ea194fd2" executionId="c8c41784-4503-46e7-9116-a33c5d982a48" testListId="8c84fa94-04c1-424b-9868-57a2d4851a1d" />
    <TestEntry testId="dbc0fafc-e070-7ee4-37e8-15c731a1cf8f" executionId="ca80c1b9-af77-44d8-808a-da45538214fc" testListId="8c84fa94-04c1-424b-9868-57a2d4851a1d" />
    <TestEntry testId="e8cd5f9a-155f-b0e9-415a-4d5bcc09a4f7" executionId="94ec3122-e1b8-459e-b618-ebc7684331fe" testListId="8c84fa94-04c1-424b-9868-57a2d4851a1d" />
    <TestEntry testId="71761fdf-685c-1148-4d7b-6fa91bd73828" executionId="a041cc9a-d6c3-42d1-93e7-9355cd0f1ffd" testListId="8c84fa94-04c1-424b-9868-57a2d4851a1d" />
    <TestEntry testId="340338c0-d2c4-3fc3-ba79-343b29ee2274" executionId="0d55bace-72c2-4574-bccf-0c59ee21bef5" testListId="8c84fa94-04c1-424b-9868-57a2d4851a1d" />
    <TestEntry testId="18798cdb-d0bd-f7db-a73e-31f0998c3f71" executionId="8f6e5600-0058-4b4f-a0c1-eabdcbc144ea" testListId="8c84fa94-04c1-424b-9868-57a2d4851a1d" />
    <TestEntry testId="3280cae6-6e14-1cdd-b640-070cd5982804" executionId="e69983cf-e7b7-4be0-ae42-6b4e72fa3c0d" testListId="8c84fa94-04c1-424b-9868-57a2d4851a1d" />
    <TestEntry testId="8b21d258-1fed-c529-a189-89c8507de3f6" executionId="f6041fd4-0f37-473a-9f9e-67e23a23beaf" testListId="8c84fa94-04c1-424b-9868-57a2d4851a1d" />
    <TestEntry testId="4be3e53f-a355-de8d-85a5-966bca82aa5f" executionId="82fdaaeb-e289-4daa-9563-472e782980e4" testListId="8c84fa94-04c1-424b-9868-57a2d4851a1d" />
    <TestEntry testId="ef162e19-e7b5-f439-839a-db6726f60237" executionId="de6aeab1-ecfc-4b63-be2d-1ebe8a2449ef" testListId="8c84fa94-04c1-424b-9868-57a2d4851a1d" />
    <TestEntry testId="d2a7cfa7-41b7-0154-50d9-9f2092d78625" executionId="7a09f2f8-a65c-452f-95ec-a68dc825e3a8" testListId="8c84fa94-04c1-424b-9868-57a2d4851a1d" />
    <TestEntry testId="fb3daff4-be01-bf3b-f360-ce92e76d0ff3" executionId="c757c073-15ca-4ebe-9f32-6866016ba4d0" testListId="8c84fa94-04c1-424b-9868-57a2d4851a1d" />
    <TestEntry testId="e6d009c1-a8d8-b3d3-fa6e-877aebdad885" executionId="49ecaa67-9c74-44c5-ad1e-873399477754" testListId="8c84fa94-04c1-424b-9868-57a2d4851a1d" />
    <TestEntry testId="76080a7f-464c-d525-993d-ce4cb403e712" executionId="260b7f26-26d6-408b-b766-87713d6d1328" testListId="8c84fa94-04c1-424b-9868-57a2d4851a1d" />
    <TestEntry testId="16476f0b-4960-4772-906d-5908408233b9" executionId="c1c86c5e-f101-47b3-bda5-ce6782c7896e" testListId="8c84fa94-04c1-424b-9868-57a2d4851a1d" />
    <TestEntry testId="79a391e7-152f-ac82-a20e-7180ee7586a3" executionId="4103f1b6-b501-4f97-a43c-d7cb07f6a8cf" testListId="8c84fa94-04c1-424b-9868-57a2d4851a1d" />
    <TestEntry testId="d0b3364f-b0e0-fd51-f1e7-8bcd67b1dbd8" executionId="52ab66e3-b82d-466f-9b1e-3f524131c46c" testListId="8c84fa94-04c1-424b-9868-57a2d4851a1d" />
    <TestEntry testId="a0809f59-c7dc-01fd-d446-c67f4c8a9b5b" executionId="5e207b15-d9e6-4da7-bf36-5656722a5995" testListId="8c84fa94-04c1-424b-9868-57a2d4851a1d" />
    <TestEntry testId="a0543462-4c81-802d-c7f9-b243482b9022" executionId="8821e08c-cdf8-4be7-bd1b-9581ca564b80" testListId="8c84fa94-04c1-424b-9868-57a2d4851a1d" />
    <TestEntry testId="08a1fa90-543f-9ecb-b981-a254d8f87569" executionId="d5fa7d06-274b-4506-afa4-26785eaeadf0" testListId="8c84fa94-04c1-424b-9868-57a2d4851a1d" />
    <TestEntry testId="6bd44e59-5c2b-69f7-3331-98a5f4531da7" executionId="5a850916-2449-4d12-9da2-7e4067e74416" testListId="8c84fa94-04c1-424b-9868-57a2d4851a1d" />
    <TestEntry testId="9a6b4039-069b-68a4-dec6-6d8f107a1f57" executionId="b088e1d3-d1bf-4ea5-90f2-b9611fda5bc3" testListId="8c84fa94-04c1-424b-9868-57a2d4851a1d" />
    <TestEntry testId="e64e6ae7-957f-9298-72e0-0f709f1be730" executionId="23e8b41d-9d13-4f44-ba42-64f0f13bc3ab" testListId="8c84fa94-04c1-424b-9868-57a2d4851a1d" />
    <TestEntry testId="bae58416-ae45-db10-6658-1587a1b1cff7" executionId="2d6a318d-cd9d-4674-8579-7e58e601f429" testListId="8c84fa94-04c1-424b-9868-57a2d4851a1d" />
    <TestEntry testId="b47560f9-3bd6-7d63-dd76-0b609eca5e07" executionId="e32c2ded-724d-4747-9f0d-60ed2d531301" testListId="8c84fa94-04c1-424b-9868-57a2d4851a1d" />
    <TestEntry testId="07f66fe9-02d8-fe62-4bcd-efca2b5dcf15" executionId="e7e9b3b3-bd20-4ed4-8e07-011dc87c42e8" testListId="8c84fa94-04c1-424b-9868-57a2d4851a1d" />
    <TestEntry testId="f5f0f099-6dd2-ee62-813d-16ca42ea6540" executionId="acdde0eb-0a1e-4a8f-b937-3ac938e0d402" testListId="8c84fa94-04c1-424b-9868-57a2d4851a1d" />
    <TestEntry testId="8b7a1576-da9d-8c43-137e-5f14aaf75057" executionId="3b433f13-928f-4c11-a61f-9d9636a1a848" testListId="8c84fa94-04c1-424b-9868-57a2d4851a1d" />
    <TestEntry testId="c77b4063-4388-ee00-cffd-1739e2e4369a" executionId="d5ce7f4d-e57b-4420-92aa-c1a21cff2a3a" testListId="8c84fa94-04c1-424b-9868-57a2d4851a1d" />
    <TestEntry testId="47c67e97-43b6-d258-628b-002f97a29d20" executionId="75b16469-39ad-4f50-adc5-1aaa526e5f48" testListId="8c84fa94-04c1-424b-9868-57a2d4851a1d" />
    <TestEntry testId="16cc2e70-a9d6-43cf-a511-5db62359e0a0" executionId="b68e7b23-b20d-4bc3-bcc4-09887c41b10a" testListId="8c84fa94-04c1-424b-9868-57a2d4851a1d" />
    <TestEntry testId="29aecc1f-9548-1e83-9191-05d9e1806a8d" executionId="5c341038-bb7c-4634-b81a-e3d569dc7528" testListId="8c84fa94-04c1-424b-9868-57a2d4851a1d" />
    <TestEntry testId="3359190c-024d-b38c-8bdb-57f5d7af8cd1" executionId="8391ef98-1677-46bf-b00d-c8af80d47e22" testListId="8c84fa94-04c1-424b-9868-57a2d4851a1d" />
    <TestEntry testId="c9941348-8b6e-b08d-e977-a0d0221b74da" executionId="161f8422-7274-4669-b961-9abc860a00c5" testListId="8c84fa94-04c1-424b-9868-57a2d4851a1d" />
    <TestEntry testId="533163b6-0616-129b-be9e-e28d7b6247c4" executionId="920d8212-f8aa-447d-b87e-d755204744b4" testListId="8c84fa94-04c1-424b-9868-57a2d4851a1d" />
    <TestEntry testId="5fa6019e-fd61-db7f-aa37-5fe7480ef36e" executionId="5a6d2f83-ede1-43a8-8afd-1a5e9dd08b8d" testListId="8c84fa94-04c1-424b-9868-57a2d4851a1d" />
    <TestEntry testId="bd744598-daf1-e93c-cf4a-7ac6ac4b0cfc" executionId="35182fc0-cd73-4424-b439-176e6a842d89" testListId="8c84fa94-04c1-424b-9868-57a2d4851a1d" />
    <TestEntry testId="1e1856ea-f3bd-89e7-e525-788c8aa616d3" executionId="b8c81b4b-375a-4aa9-a71e-4170535d325b" testListId="8c84fa94-04c1-424b-9868-57a2d4851a1d" />
    <TestEntry testId="073eb6cf-e1ec-344f-ecad-31afe3db78f1" executionId="f7369a82-23f7-491d-a4a3-8e4a975e75d0" testListId="8c84fa94-04c1-424b-9868-57a2d4851a1d" />
  </TestEntries>
  <TestLists>
    <TestList name="Results Not in a List" id="8c84fa94-04c1-424b-9868-57a2d4851a1d" />
    <TestList name="All Loaded Results" id="19431567-8539-422a-85d7-44ee4e166bda" />
  </TestLists>
  <ResultSummary outcome="Completed">
    <Counters total="54" executed="54" passed="54" failed="0" error="0" timeout="0" aborted="0" inconclusive="0" passedButRunAborted="0" notRunnable="0" notExecuted="0" disconnected="0" warning="0" completed="0" inProgress="0" pending="0" />
    <Output>
      <StdOut>[xUnit.net 00:00:00.5946316]   Discovering: Contentstack.Core.Tests[xUnit.net 00:00:00.6691032]   Discovered:  Contentstack.Core.Tests[xUnit.net 00:00:00.6759638]   Starting:    Contentstack.Core.Tests[xUnit.net 00:00:30.9190659]   Finished:    Contentstack.Core.Tests</StdOut>
    </Output>
  </ResultSummary>
</TestRun>